error: encountered duplicate `#[derive(BitfieldSpecifier)]` attribute
 --> $DIR/duplicate-derive-1.rs:4:29
  |
4 | #[derive(BitfieldSpecifier, BitfieldSpecifier)]
  |                             ^^^^^^^^^^^^^^^^^

error: previous `#[derive(BitfieldSpecifier)]` parameter here
 --> $DIR/duplicate-derive-1.rs:4:10
  |
4 | #[derive(BitfieldSpecifier, BitfieldSpecifier)]
  |          ^^^^^^^^^^^^^^^^^
