error[E0277]: the trait bound `ZeroMod8: TotalSizeIsNotMultipleOfEightBits` is not satisfied
  --> $DIR/invalid-specified-as-unfilled.rs:5:1
   |
5  | / pub struct UnfilledBitfield {
6  | |     a: B8,
7  | |     b: u8,
8  | | }
   | |_^ the trait `TotalSizeIsNotMultipleOfEightBits` is not implemented for `ZeroMod8`
   |
  ::: $WORKSPACE/src/private/checks.rs
   |
   |       <Self::Size as RenameSizeType>::CheckType: TotalSizeIsNotMultipleOfEightBits,
   |                                                  --------------------------------- required by this bound in `CheckTotalSizeIsNotMultipleOf8`
