error[E0277]: the trait bound `SevenMod8: TotalSizeIsMultipleOfEightBits` is not satisfied
  --> $DIR/invalid-specified-as-filled.rs:5:1
   |
5  | / pub struct UnfilledBitfield {
6  | |     a: B7,
7  | |     b: u8,
8  | | }
   | |_^ the trait `TotalSizeIsMultipleOfEightBits` is not implemented for `SevenMod8`
   |
  ::: $WORKSPACE/src/private/checks.rs
   |
   |       <Self::Size as RenameSizeType>::CheckType: TotalSizeIsMultipleOfEightBits,
   |                                                  ------------------------------ required by this bound in `CheckTotalSizeMultipleOf8`
