error[E0277]: the trait bound `False: FillsUnalignedBits` is not satisfied
   --> $DIR/too-many-bits.rs:4:1
    |
4   | / pub struct SignInteger {
5   | |     sign: bool,
6   | |     value: B31,
7   | | }
    | |_^ the trait `FillsUnalignedBits` is not implemented for `False`
    |
   ::: $WORKSPACE/src/private/checks.rs
    |
    |       <Self::CheckType as DispatchTrueFalse>::Out: FillsUnalignedBits,
    |                                                    ------------------ required by this bound in `CheckFillsUnalignedBits`
